# Informe de Recursos del Sistema
**Fecha de generación:** 2025-10-23 13:16:54

## Procesos en Ejecución
```bash
    PID TTY          TIME CMD
   5513 pts/1    00:00:00 bash
   5553 pts/1    00:00:00 java
   5582 pts/1    00:00:00 ps

```

## Uso del Disco
```bash
Filesystem                    1K-blocks    Used Available Use% Mounted on
udev                            1970912       0   1970912   0% /dev
tmpfs                            400848     696    400152   1% /run
/dev/mapper/debian12--vg-root  23852880 5096412  17519476  23% /
tmpfs                           2004228   82584   1921644   5% /dev/shm
tmpfs                              5120       0      5120   0% /run/lock
/dev/mapper/debian12--vg-tmp    1880592  190576   1576148  11% /tmp
/dev/mapper/debian12--vg-var    9509056 2565764   6438668  29% /var
/dev/mapper/debian12--vg-home 219851752 5204668 203406432   3% /home
/dev/sda1                        465124  211976    228214  49% /boot
tmpfs                            400844      28    400816   1% /run/user/1000

```

## Uso de Memoria
```bash
               total        used        free      shared  buff/cache   available
Mem:         4008460     3184220      128568      101476     1042256      824240
Swap:         999420       17736      981684

```
